Component: ARM Compiler 5.06 update 6 (build 750) Tool: armlink [4d35ed]

==============================================================================

Section Cross References

    startup.o(STACK) refers (Special) to heapauxi.o(.text) for __use_two_region_memory
    startup.o(HEAP) refers (Special) to heapauxi.o(.text) for __use_two_region_memory
    startup.o(RESET) refers (Special) to heapauxi.o(.text) for __use_two_region_memory
    startup.o(RESET) refers to startup.o(STACK) for Stack_Top
    startup.o(RESET) refers to __main.o(!!!main) for __main
    startup.o(.text) refers (Special) to heapauxi.o(.text) for __use_two_region_memory
    startup.o(.text) refers to startup.o(HEAP) for Heap_Mem
    startup.o(.text) refers to startup.o(STACK) for Stack_Mem
    weighingmain.o(i.Timer1_ISR) refers to weighingmain.o(.data) for x
    weighingmain.o(i.main) refers to _printf_pad.o(.text) for _printf_pre_padding
    weighingmain.o(i.main) refers to _printf_percent.o(.ARM.Collect$$_printf_percent$$00000000) for _printf_percent
    weighingmain.o(i.main) refers to _printf_d.o(.ARM.Collect$$_printf_percent$$00000009) for _printf_d
    weighingmain.o(i.main) refers to _printf_dec.o(.text) for _printf_int_dec
    weighingmain.o(i.main) refers to _printf_s.o(.ARM.Collect$$_printf_percent$$00000014) for _printf_s
    weighingmain.o(i.main) refers to _printf_str.o(.text) for _printf_str
    weighingmain.o(i.main) refers to weighingmain.o(i.Board_Init) for Board_Init
    weighingmain.o(i.main) refers to weighingmain.o(i.SystemInit) for SystemInit
    weighingmain.o(i.main) refers to weighingmain.o(i.uart_init) for uart_init
    weighingmain.o(i.main) refers to weighingmain.o(i.RTC_Init) for RTC_Init
    weighingmain.o(i.main) refers to weighingmain.o(i.timer1_Init) for timer1_Init
    weighingmain.o(i.main) refers to lcd.o(i.LCD_Reset) for LCD_Reset
    weighingmain.o(i.main) refers to lcd.o(i.LCD_Init) for LCD_Init
    weighingmain.o(i.main) refers to weighingmain.o(i.RTC_SetDateTime) for RTC_SetDateTime
    weighingmain.o(i.main) refers to weighingmain.o(i.RTC_GetDateTime) for RTC_GetDateTime
    weighingmain.o(i.main) refers to noretval__2sprintf.o(.text) for __2sprintf
    weighingmain.o(i.main) refers to weighingmain.o(i.serialPrintStr) for serialPrintStr
    weighingmain.o(i.main) refers to lcd.o(i.LCD_CmdWrite) for LCD_CmdWrite
    weighingmain.o(i.main) refers to lcd.o(i.LCD_DisplayString) for LCD_DisplayString
    weighingmain.o(i.main) refers to weighingmain.o(i.delay) for delay
    weighingmain.o(i.main) refers to weighingmain.o(i.matrixentry) for matrixentry
    weighingmain.o(i.main) refers to weighingmain.o(i.adc) for adc
    weighingmain.o(i.main) refers to weighingmain.o(.bss) for rtc
    weighingmain.o(i.main) refers to weighingmain.o(.data) for items
    weighingmain.o(i.matrixentry) refers to lcd.o(i.delay_ms) for delay_ms
    weighingmain.o(i.matrixentry) refers to weighingmain.o(.data) for rowsel
    weighingmain.o(i.serialPrint) refers to _printf_percent.o(.ARM.Collect$$_printf_percent$$00000000) for _printf_percent
    weighingmain.o(i.serialPrint) refers to _printf_d.o(.ARM.Collect$$_printf_percent$$00000009) for _printf_d
    weighingmain.o(i.serialPrint) refers to _printf_dec.o(.text) for _printf_int_dec
    weighingmain.o(i.serialPrint) refers to noretval__2sprintf.o(.text) for __2sprintf
    weighingmain.o(i.timer1_Init) refers to weighingmain.o(i.Timer1_ISR) for Timer1_ISR
    lcd.o(i.LCD_CmdWrite) refers to lcd.o(i.LCD_SendHigherNibble) for LCD_SendHigherNibble
    lcd.o(i.LCD_CmdWrite) refers to lcd.o(i.LCD_SendCmdSignals) for LCD_SendCmdSignals
    lcd.o(i.LCD_DataWrite) refers to lcd.o(i.LCD_SendHigherNibble) for LCD_SendHigherNibble
    lcd.o(i.LCD_DataWrite) refers to lcd.o(i.LCD_SendDataSignals) for LCD_SendDataSignals
    lcd.o(i.LCD_DisplayString) refers to lcd.o(i.LCD_DataWrite) for LCD_DataWrite
    lcd.o(i.LCD_Init) refers to lcd.o(i.delay_ms) for delay_ms
    lcd.o(i.LCD_Init) refers to lcd.o(i.LCD_Reset) for LCD_Reset
    lcd.o(i.LCD_Init) refers to lcd.o(i.LCD_CmdWrite) for LCD_CmdWrite
    lcd.o(i.LCD_Reset) refers to lcd.o(i.LCD_SendHigherNibble) for LCD_SendHigherNibble
    lcd.o(i.LCD_Reset) refers to lcd.o(i.LCD_SendCmdSignals) for LCD_SendCmdSignals
    lcd.o(i.LCD_Reset) refers to lcd.o(i.delay_ms) for delay_ms
    lcd.o(i.LCD_Reset) refers to lcd.o(i.delay_us) for delay_us
    lcd.o(i.LCD_SendCmdSignals) refers to lcd.o(i.delay_us) for delay_us
    lcd.o(i.LCD_SendDataSignals) refers to lcd.o(i.delay_us) for delay_us
    __2sprintf.o(.text) refers to _printf_char_common.o(.text) for _printf_char_common
    __2sprintf.o(.text) refers to _sputc.o(.text) for _sputc
    noretval__2sprintf.o(.text) refers to _printf_char_common.o(.text) for _printf_char_common
    noretval__2sprintf.o(.text) refers to _sputc.o(.text) for _sputc
    __printf.o(.text) refers to __printf.o(i.__ARM_common_call_via_r1) for __ARM_common_call_via_r1
    __printf.o(.text) refers to _printf_percent.o(.ARM.Collect$$_printf_percent$$00000000) for _printf_percent
    __printf.o(.text) refers to __printf.o(i.__ARM_common_call_via_r2) for __ARM_common_call_via_r2
    _printf_pad.o(.text) refers to __printf.o(i.__ARM_common_call_via_r2) for __ARM_common_call_via_r2
    _printf_str.o(.text) refers (Special) to _printf_char.o(.text) for _printf_cs_common
    _printf_str.o(.text) refers (Weak) to _printf_pad.o(.text) for _printf_pre_padding
    _printf_str.o(.text) refers to __printf.o(i.__ARM_common_call_via_r2) for __ARM_common_call_via_r2
    _printf_str.o(.text) refers (Weak) to _printf_pad.o(.text) for _printf_post_padding
    _printf_dec.o(.text) refers to rtudiv10.o(.text) for __rt_udiv10
    _printf_dec.o(.text) refers to _printf_intcommon.o(.text) for _printf_int_common
    __printf_flags.o(.text) refers to __printf.o(i.__ARM_common_call_via_r1) for __ARM_common_call_via_r1
    __printf_flags.o(.text) refers to _printf_percent.o(.ARM.Collect$$_printf_percent$$00000000) for _printf_percent
    __printf_flags.o(.text) refers to __printf.o(i.__ARM_common_call_via_r2) for __ARM_common_call_via_r2
    __printf_flags.o(.text) refers to __printf_flags.o(.constdata) for .constdata
    __printf_ss.o(.text) refers to __printf.o(i.__ARM_common_call_via_r1) for __ARM_common_call_via_r1
    __printf_ss.o(.text) refers to _printf_percent.o(.ARM.Collect$$_printf_percent$$00000000) for _printf_percent
    __printf_ss.o(.text) refers to __printf.o(i.__ARM_common_call_via_r2) for __ARM_common_call_via_r2
    __printf_flags_ss.o(.text) refers to __printf.o(i.__ARM_common_call_via_r1) for __ARM_common_call_via_r1
    __printf_flags_ss.o(.text) refers to _printf_percent.o(.ARM.Collect$$_printf_percent$$00000000) for _printf_percent
    __printf_flags_ss.o(.text) refers to __printf.o(i.__ARM_common_call_via_r2) for __ARM_common_call_via_r2
    __printf_flags_ss.o(.text) refers to __printf_flags_ss.o(.constdata) for .constdata
    __printf_wp.o(.text) refers to __printf.o(i.__ARM_common_call_via_r1) for __ARM_common_call_via_r1
    __printf_wp.o(.text) refers to __printf_wp.o(i._is_digit) for _is_digit
    __printf_wp.o(.text) refers to _printf_percent.o(.ARM.Collect$$_printf_percent$$00000000) for _printf_percent
    __printf_wp.o(.text) refers to __printf.o(i.__ARM_common_call_via_r2) for __ARM_common_call_via_r2
    __printf_flags_wp.o(.text) refers to __printf.o(i.__ARM_common_call_via_r1) for __ARM_common_call_via_r1
    __printf_flags_wp.o(.text) refers to __printf_wp.o(i._is_digit) for _is_digit
    __printf_flags_wp.o(.text) refers to _printf_percent.o(.ARM.Collect$$_printf_percent$$00000000) for _printf_percent
    __printf_flags_wp.o(.text) refers to __printf.o(i.__ARM_common_call_via_r2) for __ARM_common_call_via_r2
    __printf_flags_wp.o(.text) refers to __printf_flags_wp.o(.constdata) for .constdata
    __printf_ss_wp.o(.text) refers to __printf.o(i.__ARM_common_call_via_r1) for __ARM_common_call_via_r1
    __printf_ss_wp.o(.text) refers to __printf_wp.o(i._is_digit) for _is_digit
    __printf_ss_wp.o(.text) refers to _printf_percent.o(.ARM.Collect$$_printf_percent$$00000000) for _printf_percent
    __printf_ss_wp.o(.text) refers to __printf.o(i.__ARM_common_call_via_r2) for __ARM_common_call_via_r2
    __printf_flags_ss_wp.o(.text) refers to __printf.o(i.__ARM_common_call_via_r1) for __ARM_common_call_via_r1
    __printf_flags_ss_wp.o(.text) refers to __printf_wp.o(i._is_digit) for _is_digit
    __printf_flags_ss_wp.o(.text) refers to _printf_percent.o(.ARM.Collect$$_printf_percent$$00000000) for _printf_percent
    __printf_flags_ss_wp.o(.text) refers to __printf.o(i.__ARM_common_call_via_r2) for __ARM_common_call_via_r2
    __printf_flags_ss_wp.o(.text) refers to __printf_flags_ss_wp.o(.constdata) for .constdata
    _printf_s.o(.ARM.Collect$$_printf_percent$$00000014) refers (Weak) to _printf_char.o(.text) for _printf_string
    _printf_d.o(.ARM.Collect$$_printf_percent$$00000009) refers (Weak) to _printf_dec.o(.text) for _printf_int_dec
    _printf_percent.o(.ARM.Collect$$_printf_percent$$00000000) refers (Special) to _printf_percent_end.o(.ARM.Collect$$_printf_percent$$00000017) for _printf_percent_end
    __main.o(!!!main) refers to __rtentry.o(.ARM.Collect$$rtentry$$00000000) for __rt_entry
    __rtentry.o(.ARM.Collect$$rtentry$$00000000) refers (Special) to __rtentry2.o(.ARM.Collect$$rtentry$$0000000A) for __rt_entry_li
    __rtentry.o(.ARM.Collect$$rtentry$$00000000) refers (Special) to __rtentry2.o(.ARM.Collect$$rtentry$$0000000D) for __rt_entry_main
    __rtentry.o(.ARM.Collect$$rtentry$$00000000) refers (Special) to __rtentry2.o(.ARM.Collect$$rtentry$$0000000C) for __rt_entry_postli_1
    __rtentry.o(.ARM.Collect$$rtentry$$00000000) refers (Special) to __rtentry2.o(.ARM.Collect$$rtentry$$00000009) for __rt_entry_postsh_1
    __rtentry.o(.ARM.Collect$$rtentry$$00000000) refers (Special) to __rtentry2.o(.ARM.Collect$$rtentry$$00000002) for __rt_entry_presh_1
    __rtentry.o(.ARM.Collect$$rtentry$$00000000) refers (Special) to __rtentry4.o(.ARM.Collect$$rtentry$$00000004) for __rt_entry_sh
    _printf_intcommon.o(.text) refers (Weak) to _printf_pad.o(.text) for _printf_pre_padding
    _printf_intcommon.o(.text) refers to __printf.o(i.__ARM_common_call_via_r2) for __ARM_common_call_via_r2
    _printf_intcommon.o(.text) refers (Weak) to _printf_pad.o(.text) for _printf_pre_padding
    _printf_intcommon.o(.text) refers (Weak) to _printf_pad.o(.text) for _printf_post_padding
    _printf_char_common.o(.text) refers to __printf_wp.o(.text) for __printf
    _printf_char.o(.text) refers (Weak) to _printf_str.o(.text) for _printf_str
    __rtentry2.o(.ARM.Collect$$rtentry$$00000008) refers to boardinit2.o(.text) for _platform_post_stackheap_init
    __rtentry2.o(.ARM.Collect$$rtentry$$0000000A) refers to libinit.o(.ARM.Collect$$libinit$$00000000) for __rt_lib_init
    __rtentry2.o(.ARM.Collect$$rtentry$$0000000B) refers to boardinit3.o(.text) for _platform_post_lib_init
    __rtentry2.o(.ARM.Collect$$rtentry$$0000000D) refers to exit.o(.text) for exit
    __rtentry2.o(.ARM.Collect$$rtentry$$0000000D) refers to weighingmain.o(i.main) for main
    __rtentry2.o(.ARM.exidx) refers to __rtentry2.o(.ARM.Collect$$rtentry$$00000001) for .ARM.Collect$$rtentry$$00000001
    __rtentry2.o(.ARM.exidx) refers to __rtentry2.o(.ARM.Collect$$rtentry$$00000008) for .ARM.Collect$$rtentry$$00000008
    __rtentry2.o(.ARM.exidx) refers to __rtentry2.o(.ARM.Collect$$rtentry$$0000000A) for .ARM.Collect$$rtentry$$0000000A
    __rtentry2.o(.ARM.exidx) refers to __rtentry2.o(.ARM.Collect$$rtentry$$0000000B) for .ARM.Collect$$rtentry$$0000000B
    __rtentry2.o(.ARM.exidx) refers to __rtentry2.o(.ARM.Collect$$rtentry$$0000000D) for .ARM.Collect$$rtentry$$0000000D
    __rtentry4.o(.ARM.Collect$$rtentry$$00000004) refers to sys_stackheap_outer.o(.text) for __user_setup_stackheap
    __rtentry4.o(.ARM.exidx) refers to __rtentry4.o(.ARM.Collect$$rtentry$$00000004) for .ARM.Collect$$rtentry$$00000004
    __printf_nopercent.o(.text) refers to __printf_nopercent.o(i.__ARM_common_call_via_r7) for __ARM_common_call_via_r7
    __printf_nopercent.o(.text) refers to __printf_nopercent.o(i.__ARM_common_call_via_r5) for __ARM_common_call_via_r5
    sys_stackheap_outer.o(.text) refers to libspace.o(.text) for __user_perproc_libspace
    sys_stackheap_outer.o(.text) refers to startup.o(.text) for __user_initial_stackheap
    exit.o(.text) refers to rtexit.o(.ARM.Collect$$rtexit$$00000000) for __rt_exit
    libinit.o(.ARM.Collect$$libinit$$00000000) refers (Special) to libinit2.o(.ARM.Collect$$libinit$$0000002E) for __rt_lib_init_alloca_1
    libinit.o(.ARM.Collect$$libinit$$00000000) refers (Special) to libinit2.o(.ARM.Collect$$libinit$$0000002C) for __rt_lib_init_argv_1
    libinit.o(.ARM.Collect$$libinit$$00000000) refers (Special) to libinit2.o(.ARM.Collect$$libinit$$0000001B) for __rt_lib_init_atexit_1
    libinit.o(.ARM.Collect$$libinit$$00000000) refers (Special) to libinit2.o(.ARM.Collect$$libinit$$00000021) for __rt_lib_init_clock_1
    libinit.o(.ARM.Collect$$libinit$$00000000) refers (Special) to libinit2.o(.ARM.Collect$$libinit$$00000032) for __rt_lib_init_cpp_1
    libinit.o(.ARM.Collect$$libinit$$00000000) refers (Special) to libinit2.o(.ARM.Collect$$libinit$$00000030) for __rt_lib_init_exceptions_1
    libinit.o(.ARM.Collect$$libinit$$00000000) refers (Special) to libinit2.o(.ARM.Collect$$libinit$$00000002) for __rt_lib_init_fp_1
    libinit.o(.ARM.Collect$$libinit$$00000000) refers (Special) to libinit2.o(.ARM.Collect$$libinit$$0000001F) for __rt_lib_init_fp_trap_1
    libinit.o(.ARM.Collect$$libinit$$00000000) refers (Special) to libinit2.o(.ARM.Collect$$libinit$$00000023) for __rt_lib_init_getenv_1
    libinit.o(.ARM.Collect$$libinit$$00000000) refers (Special) to libinit2.o(.ARM.Collect$$libinit$$0000000A) for __rt_lib_init_heap_1
    libinit.o(.ARM.Collect$$libinit$$00000000) refers (Special) to libinit2.o(.ARM.Collect$$libinit$$00000011) for __rt_lib_init_lc_collate_1
    libinit.o(.ARM.Collect$$libinit$$00000000) refers (Special) to libinit2.o(.ARM.Collect$$libinit$$00000013) for __rt_lib_init_lc_ctype_1
    libinit.o(.ARM.Collect$$libinit$$00000000) refers (Special) to libinit2.o(.ARM.Collect$$libinit$$00000015) for __rt_lib_init_lc_monetary_1
    libinit.o(.ARM.Collect$$libinit$$00000000) refers (Special) to libinit2.o(.ARM.Collect$$libinit$$00000017) for __rt_lib_init_lc_numeric_1
    libinit.o(.ARM.Collect$$libinit$$00000000) refers (Special) to libinit2.o(.ARM.Collect$$libinit$$00000019) for __rt_lib_init_lc_time_1
    libinit.o(.ARM.Collect$$libinit$$00000000) refers (Special) to libinit2.o(.ARM.Collect$$libinit$$00000004) for __rt_lib_init_preinit_1
    libinit.o(.ARM.Collect$$libinit$$00000000) refers (Special) to libinit2.o(.ARM.Collect$$libinit$$0000000E) for __rt_lib_init_rand_1
    libinit.o(.ARM.Collect$$libinit$$00000000) refers (Special) to libinit2.o(.ARM.Collect$$libinit$$00000033) for __rt_lib_init_return
    libinit.o(.ARM.Collect$$libinit$$00000000) refers (Special) to libinit2.o(.ARM.Collect$$libinit$$0000001D) for __rt_lib_init_signal_1
    libinit.o(.ARM.Collect$$libinit$$00000000) refers (Special) to libinit2.o(.ARM.Collect$$libinit$$00000025) for __rt_lib_init_stdio_1
    libinit.o(.ARM.Collect$$libinit$$00000000) refers (Special) to libinit2.o(.ARM.Collect$$libinit$$0000000C) for __rt_lib_init_user_alloc_1
    libspace.o(.text) refers to libspace.o(.bss) for __libspace_start
    rtexit.o(.ARM.Collect$$rtexit$$00000000) refers (Special) to rtexit2.o(.ARM.Collect$$rtexit$$00000004) for __rt_exit_exit
    rtexit.o(.ARM.Collect$$rtexit$$00000000) refers (Special) to rtexit2.o(.ARM.Collect$$rtexit$$00000003) for __rt_exit_ls
    rtexit.o(.ARM.Collect$$rtexit$$00000000) refers (Special) to rtexit2.o(.ARM.Collect$$rtexit$$00000002) for __rt_exit_prels_1
    rtexit.o(.ARM.exidx) refers (Special) to rtexit2.o(.ARM.Collect$$rtexit$$00000004) for __rt_exit_exit
    rtexit.o(.ARM.exidx) refers (Special) to rtexit2.o(.ARM.Collect$$rtexit$$00000003) for __rt_exit_ls
    rtexit.o(.ARM.exidx) refers (Special) to rtexit2.o(.ARM.Collect$$rtexit$$00000002) for __rt_exit_prels_1
    rtexit.o(.ARM.exidx) refers to rtexit.o(.ARM.Collect$$rtexit$$00000000) for .ARM.Collect$$rtexit$$00000000
    libinit2.o(.ARM.Collect$$libinit$$00000001) refers to fpinit.o(x$fpl$fpinit) for _fp_init
    libinit2.o(.ARM.Collect$$libinit$$00000010) refers to libinit2.o(.ARM.Collect$$libinit$$0000000F) for .ARM.Collect$$libinit$$0000000F
    libinit2.o(.ARM.Collect$$libinit$$00000012) refers to libinit2.o(.ARM.Collect$$libinit$$0000000F) for .ARM.Collect$$libinit$$0000000F
    libinit2.o(.ARM.Collect$$libinit$$00000014) refers to libinit2.o(.ARM.Collect$$libinit$$0000000F) for .ARM.Collect$$libinit$$0000000F
    libinit2.o(.ARM.Collect$$libinit$$00000016) refers to libinit2.o(.ARM.Collect$$libinit$$0000000F) for .ARM.Collect$$libinit$$0000000F
    libinit2.o(.ARM.Collect$$libinit$$00000018) refers to libinit2.o(.ARM.Collect$$libinit$$0000000F) for .ARM.Collect$$libinit$$0000000F
    libinit2.o(.ARM.Collect$$libinit$$00000026) refers to argv_veneer.o(.emb_text) for __ARM_argv_veneer
    libinit2.o(.ARM.Collect$$libinit$$00000027) refers to argv_veneer.o(.emb_text) for __ARM_argv_veneer
    rtexit2.o(.ARM.Collect$$rtexit$$00000003) refers to libshutdown.o(.ARM.Collect$$libshutdown$$00000000) for __rt_lib_shutdown
    rtexit2.o(.ARM.Collect$$rtexit$$00000004) refers to sys_exit.o(.text) for _sys_exit
    rtexit2.o(.ARM.exidx) refers to rtexit2.o(.ARM.Collect$$rtexit$$00000001) for .ARM.Collect$$rtexit$$00000001
    rtexit2.o(.ARM.exidx) refers to rtexit2.o(.ARM.Collect$$rtexit$$00000003) for .ARM.Collect$$rtexit$$00000003
    rtexit2.o(.ARM.exidx) refers to rtexit2.o(.ARM.Collect$$rtexit$$00000004) for .ARM.Collect$$rtexit$$00000004
    argv_veneer.o(.emb_text) refers to no_argv.o(.text) for __ARM_get_argv
    sys_exit.o(.text) refers (Special) to use_no_semi.o(.text) for __I$use$semihosting
    sys_exit.o(.text) refers (Special) to indicate_semi.o(.text) for __semihosting_library_function
    _get_argv_nomalloc.o(.text) refers (Special) to hrguard.o(.text) for __heap_region$guard
    _get_argv_nomalloc.o(.text) refers to defsig_rtmem_outer.o(.text) for __rt_SIGRTMEM
    _get_argv_nomalloc.o(.text) refers to sys_command.o(.text) for _sys_command_string
    libshutdown.o(.ARM.Collect$$libshutdown$$00000000) refers (Special) to libshutdown2.o(.ARM.Collect$$libshutdown$$00000002) for __rt_lib_shutdown_cpp_1
    libshutdown.o(.ARM.Collect$$libshutdown$$00000000) refers (Special) to libshutdown2.o(.ARM.Collect$$libshutdown$$00000007) for __rt_lib_shutdown_fp_trap_1
    libshutdown.o(.ARM.Collect$$libshutdown$$00000000) refers (Special) to libshutdown2.o(.ARM.Collect$$libshutdown$$0000000F) for __rt_lib_shutdown_heap_1
    libshutdown.o(.ARM.Collect$$libshutdown$$00000000) refers (Special) to libshutdown2.o(.ARM.Collect$$libshutdown$$00000010) for __rt_lib_shutdown_return
    libshutdown.o(.ARM.Collect$$libshutdown$$00000000) refers (Special) to libshutdown2.o(.ARM.Collect$$libshutdown$$0000000A) for __rt_lib_shutdown_signal_1
    libshutdown.o(.ARM.Collect$$libshutdown$$00000000) refers (Special) to libshutdown2.o(.ARM.Collect$$libshutdown$$00000004) for __rt_lib_shutdown_stdio_1
    libshutdown.o(.ARM.Collect$$libshutdown$$00000000) refers (Special) to libshutdown2.o(.ARM.Collect$$libshutdown$$0000000C) for __rt_lib_shutdown_user_alloc_1
    sys_command.o(.text) refers (Special) to use_no_semi.o(.text) for __I$use$semihosting
    sys_command.o(.text) refers (Special) to indicate_semi.o(.text) for __semihosting_library_function
    defsig_rtmem_outer.o(.text) refers to defsig_rtmem_inner.o(.text) for __rt_SIGRTMEM_inner
    defsig_rtmem_outer.o(.text) refers to defsig_exit.o(.text) for __sig_exit
    defsig_rtmem_formal.o(.text) refers to rt_raise.o(.text) for __rt_raise
    rt_raise.o(.text) refers to __raise.o(.text) for __raise
    rt_raise.o(.text) refers to sys_exit.o(.text) for _sys_exit
    defsig_exit.o(.text) refers to sys_exit.o(.text) for _sys_exit
    defsig_rtmem_inner.o(.text) refers to defsig_general.o(.text) for __default_signal_display
    __raise.o(.text) refers to __printf.o(i.__ARM_common_call_via_r2) for __ARM_common_call_via_r2
    __raise.o(.text) refers to defsig.o(CL$$defsig) for __default_signal_handler
    defsig_general.o(.text) refers to sys_wrch.o(.text) for _ttywrch
    sys_wrch.o(.text) refers (Special) to use_no_semi.o(.text) for __I$use$semihosting
    sys_wrch.o(.text) refers (Special) to indicate_semi.o(.text) for __semihosting_library_function
    defsig.o(CL$$defsig) refers to defsig_rtmem_inner.o(.text) for __rt_SIGRTMEM_inner
    defsig_abrt_inner.o(.text) refers to defsig_general.o(.text) for __default_signal_display
    defsig_fpe_inner.o(.text) refers to defsig_general.o(.text) for __default_signal_display
    defsig_rtred_inner.o(.text) refers to defsig_general.o(.text) for __default_signal_display
    defsig_stak_inner.o(.text) refers to defsig_general.o(.text) for __default_signal_display
    defsig_pvfn_inner.o(.text) refers to defsig_general.o(.text) for __default_signal_display
    defsig_cppl_inner.o(.text) refers to defsig_general.o(.text) for __default_signal_display
    defsig_segv_inner.o(.text) refers to defsig_general.o(.text) for __default_signal_display
    defsig_other.o(.text) refers to defsig_general.o(.text) for __default_signal_display


==============================================================================

Removing Unused input sections from the image.

    Removing startup.o(RESET), (272 bytes).
    Removing weighingmain.o(i.serialPrint), (116 bytes).

2 unused section(s) (total 388 bytes) removed from the image.

==============================================================================

Adding Veneers to the image

    Adding TA veneer (4 bytes, Inline) for call to '_printf_percent' from __printf_wp.o(.text).
    Adding AT veneer (8 bytes, Inline) for call to '__rt_lib_init' from __rtentry2.o(.ARM.Collect$$rtentry$$0000000A).
    Adding AT veneer (8 bytes, Inline) for call to '__rt_lib_shutdown' from rtexit2.o(.ARM.Collect$$rtexit$$00000003).
    Adding TA veneer (4 bytes, Inline) for call to '__rt_exit' from exit.o(.text).
    Adding AT veneer (8 bytes, Inline) for call to '__2sprintf' from weighingmain.o(i.main).
    Adding AT veneer (8 bytes, Inline) for call to '_printf_int_dec' from _printf_d.o(.ARM.Collect$$_printf_percent$$00000009).
    Adding AT veneer (8 bytes, Inline) for call to '_printf_string' from _printf_s.o(.ARM.Collect$$_printf_percent$$00000014).
    Adding TA veneer (4 bytes, Inline) for call to '__rt_udiv10' from _printf_dec.o(.text).
    Adding AT veneer (8 bytes, Inline) for call to '_sys_exit' from rtexit2.o(.ARM.Collect$$rtexit$$00000004).

9 Veneer(s) (total 60 bytes) added to the image.

==============================================================================

Image Symbol Table

    Local Symbols

    Symbol Name                              Value     Ov Type        Size  Object(Section)

    !!!main                                  0x00000000   Section        8  __main.o(!!!main)
    ../clib/angel/boardlib.s                 0x00000000   Number         0  boardinit3.o ABSOLUTE
    ../clib/angel/boardlib.s                 0x00000000   Number         0  boardshut.o ABSOLUTE
    ../clib/angel/boardlib.s                 0x00000000   Number         0  boardinit1.o ABSOLUTE
    ../clib/angel/boardlib.s                 0x00000000   Number         0  boardinit2.o ABSOLUTE
    ../clib/angel/dczerorl.s                 0x00000000   Number         0  __dczerorl.o ABSOLUTE
    ../clib/angel/handlers.s                 0x00000000   Number         0  __scatter_zi.o ABSOLUTE
    ../clib/angel/kernel.s                   0x00000000   Number         0  rtexit2.o ABSOLUTE
    ../clib/angel/kernel.s                   0x00000000   Number         0  __rtentry4.o ABSOLUTE
    ../clib/angel/kernel.s                   0x00000000   Number         0  rtexit.o ABSOLUTE
    ../clib/angel/kernel.s                   0x00000000   Number         0  __rtentry.o ABSOLUTE
    ../clib/angel/kernel.s                   0x00000000   Number         0  __rtentry2.o ABSOLUTE
    ../clib/angel/rt.s                       0x00000000   Number         0  rt_raise.o ABSOLUTE
    ../clib/angel/scatter.s                  0x00000000   Number         0  __scatter.o ABSOLUTE
    ../clib/angel/startup.s                  0x00000000   Number         0  __main.o ABSOLUTE
    ../clib/angel/sys.s                      0x00000000   Number         0  indicate_semi.o ABSOLUTE
    ../clib/angel/sys.s                      0x00000000   Number         0  use_no_semi.o ABSOLUTE
    ../clib/angel/sys.s                      0x00000000   Number         0  sys_stackheap_outer.o ABSOLUTE
    ../clib/angel/sys.s                      0x00000000   Number         0  libspace.o ABSOLUTE
    ../clib/angel/sysapp.c                   0x00000000   Number         0  sys_wrch.o ABSOLUTE
    ../clib/angel/sysapp.c                   0x00000000   Number         0  sys_exit.o ABSOLUTE
    ../clib/angel/sysapp.c                   0x00000000   Number         0  sys_command.o ABSOLUTE
    ../clib/armsys.c                         0x00000000   Number         0  no_argv.o ABSOLUTE
    ../clib/armsys.c                         0x00000000   Number         0  argv_veneer.o ABSOLUTE
    ../clib/armsys.c                         0x00000000   Number         0  argv_veneer.o ABSOLUTE
    ../clib/armsys.c                         0x00000000   Number         0  _get_argv_nomalloc.o ABSOLUTE
    ../clib/division.s                       0x00000000   Number         0  rtudiv10.o ABSOLUTE
    ../clib/heapalloc.c                      0x00000000   Number         0  hrguard.o ABSOLUTE
    ../clib/heapaux.c                        0x00000000   Number         0  heapauxi.o ABSOLUTE
    ../clib/libinit.s                        0x00000000   Number         0  libinit.o ABSOLUTE
    ../clib/libinit.s                        0x00000000   Number         0  libshutdown.o ABSOLUTE
    ../clib/libinit.s                        0x00000000   Number         0  libinit2.o ABSOLUTE
    ../clib/libinit.s                        0x00000000   Number         0  libshutdown2.o ABSOLUTE
    ../clib/misc.s                           0x00000000   Number         0  printf_stubs.o ABSOLUTE
    ../clib/printf.c                         0x00000000   Number         0  _printf_dec.o ABSOLUTE
    ../clib/printf.c                         0x00000000   Number         0  __2sprintf.o ABSOLUTE
    ../clib/printf.c                         0x00000000   Number         0  noretval__2sprintf.o ABSOLUTE
    ../clib/printf.c                         0x00000000   Number         0  _printf_char.o ABSOLUTE
    ../clib/printf.c                         0x00000000   Number         0  __printf.o ABSOLUTE
    ../clib/printf.c                         0x00000000   Number         0  __printf_flags_ss.o ABSOLUTE
    ../clib/printf.c                         0x00000000   Number         0  _sputc.o ABSOLUTE
    ../clib/printf.c                         0x00000000   Number         0  _printf_pad.o ABSOLUTE
    ../clib/printf.c                         0x00000000   Number         0  _printf_char_common.o ABSOLUTE
    ../clib/printf.c                         0x00000000   Number         0  _printf_str.o ABSOLUTE
    ../clib/printf.c                         0x00000000   Number         0  __printf_wp.o ABSOLUTE
    ../clib/printf.c                         0x00000000   Number         0  _printf_intcommon.o ABSOLUTE
    ../clib/printf.c                         0x00000000   Number         0  __printf_flags_wp.o ABSOLUTE
    ../clib/printf.c                         0x00000000   Number         0  __printf_flags_ss_wp.o ABSOLUTE
    ../clib/printf.c                         0x00000000   Number         0  __printf_ss_wp.o ABSOLUTE
    ../clib/printf.c                         0x00000000   Number         0  __printf_ss.o ABSOLUTE
    ../clib/printf.c                         0x00000000   Number         0  __printf_nopercent.o ABSOLUTE
    ../clib/printf.c                         0x00000000   Number         0  __printf_flags.o ABSOLUTE
    ../clib/printf_percent.s                 0x00000000   Number         0  _printf_d.o ABSOLUTE
    ../clib/printf_percent.s                 0x00000000   Number         0  _printf_percent.o ABSOLUTE
    ../clib/printf_percent.s                 0x00000000   Number         0  _printf_s.o ABSOLUTE
    ../clib/printf_percent.s                 0x00000000   Number         0  _printf_percent_end.o ABSOLUTE
    ../clib/signal.c                         0x00000000   Number         0  defsig_segv_inner.o ABSOLUTE
    ../clib/signal.c                         0x00000000   Number         0  defsig_pvfn_inner.o ABSOLUTE
    ../clib/signal.c                         0x00000000   Number         0  defsig_cppl_inner.o ABSOLUTE
    ../clib/signal.c                         0x00000000   Number         0  defsig_exit.o ABSOLUTE
    ../clib/signal.c                         0x00000000   Number         0  defsig_rtmem_inner.o ABSOLUTE
    ../clib/signal.c                         0x00000000   Number         0  defsig_other.o ABSOLUTE
    ../clib/signal.c                         0x00000000   Number         0  __raise.o ABSOLUTE
    ../clib/signal.c                         0x00000000   Number         0  defsig_rtred_inner.o ABSOLUTE
    ../clib/signal.c                         0x00000000   Number         0  defsig_general.o ABSOLUTE
    ../clib/signal.c                         0x00000000   Number         0  defsig_rtmem_outer.o ABSOLUTE
    ../clib/signal.c                         0x00000000   Number         0  defsig_abrt_inner.o ABSOLUTE
    ../clib/signal.c                         0x00000000   Number         0  defsig_fpe_inner.o ABSOLUTE
    ../clib/signal.c                         0x00000000   Number         0  defsig_rtmem_formal.o ABSOLUTE
    ../clib/signal.c                         0x00000000   Number         0  defsig_stak_inner.o ABSOLUTE
    ../clib/signal.s                         0x00000000   Number         0  defsig.o ABSOLUTE
    ../clib/stdlib.c                         0x00000000   Number         0  exit.o ABSOLUTE
    ../fplib/fpinit.s                        0x00000000   Number         0  fpinit.o ABSOLUTE
    Startup.s                                0x00000000   Number         0  startup.o ABSOLUTE
    dc.s                                     0x00000000   Number         0  dc.o ABSOLUTE
    lcd.c                                    0x00000000   Number         0  lcd.o ABSOLUTE
    weighingmain.c                           0x00000000   Number         0  weighingmain.o ABSOLUTE
    !!!scatter                               0x00000008   Section       60  __scatter.o(!!!scatter)
    !!dczerorl                               0x00000044   Section       68  __dczerorl.o(!!dczerorl)
    !!handler_zi                             0x00000088   Section       44  __scatter_zi.o(!!handler_zi)
    .ARM.Collect$$_printf_percent$$00000000  0x000000b8   Section        0  _printf_percent.o(.ARM.Collect$$_printf_percent$$00000000)
    .ARM.Collect$$_printf_percent$$00000009  0x000000b8   Section        8  _printf_d.o(.ARM.Collect$$_printf_percent$$00000009)
    .ARM.Collect$$_printf_percent$$00000014  0x000000c0   Section        8  _printf_s.o(.ARM.Collect$$_printf_percent$$00000014)
    .ARM.Collect$$_printf_percent$$00000017  0x000000c8   Section        8  _printf_percent_end.o(.ARM.Collect$$_printf_percent$$00000017)
    .ARM.Collect$$libinit$$00000000          0x000000d8   Section        2  libinit.o(.ARM.Collect$$libinit$$00000000)
    .ARM.Collect$$libinit$$00000002          0x000000da   Section        0  libinit2.o(.ARM.Collect$$libinit$$00000002)
    .ARM.Collect$$libinit$$00000004          0x000000da   Section        0  libinit2.o(.ARM.Collect$$libinit$$00000004)
    .ARM.Collect$$libinit$$0000000A          0x000000da   Section        0  libinit2.o(.ARM.Collect$$libinit$$0000000A)
    .ARM.Collect$$libinit$$0000000C          0x000000da   Section        0  libinit2.o(.ARM.Collect$$libinit$$0000000C)
    .ARM.Collect$$libinit$$0000000E          0x000000da   Section        0  libinit2.o(.ARM.Collect$$libinit$$0000000E)
    .ARM.Collect$$libinit$$00000011          0x000000da   Section        0  libinit2.o(.ARM.Collect$$libinit$$00000011)
    .ARM.Collect$$libinit$$00000013          0x000000da   Section        0  libinit2.o(.ARM.Collect$$libinit$$00000013)
    .ARM.Collect$$libinit$$00000015          0x000000da   Section        0  libinit2.o(.ARM.Collect$$libinit$$00000015)
    .ARM.Collect$$libinit$$00000017          0x000000da   Section        0  libinit2.o(.ARM.Collect$$libinit$$00000017)
    .ARM.Collect$$libinit$$00000019          0x000000da   Section        0  libinit2.o(.ARM.Collect$$libinit$$00000019)
    .ARM.Collect$$libinit$$0000001B          0x000000da   Section        0  libinit2.o(.ARM.Collect$$libinit$$0000001B)
    .ARM.Collect$$libinit$$0000001D          0x000000da   Section        0  libinit2.o(.ARM.Collect$$libinit$$0000001D)
    .ARM.Collect$$libinit$$0000001F          0x000000da   Section        0  libinit2.o(.ARM.Collect$$libinit$$0000001F)
    .ARM.Collect$$libinit$$00000021          0x000000da   Section        0  libinit2.o(.ARM.Collect$$libinit$$00000021)
    .ARM.Collect$$libinit$$00000023          0x000000da   Section        0  libinit2.o(.ARM.Collect$$libinit$$00000023)
    .ARM.Collect$$libinit$$00000025          0x000000da   Section        0  libinit2.o(.ARM.Collect$$libinit$$00000025)
    .ARM.Collect$$libinit$$0000002C          0x000000da   Section        0  libinit2.o(.ARM.Collect$$libinit$$0000002C)
    .ARM.Collect$$libinit$$0000002E          0x000000da   Section        0  libinit2.o(.ARM.Collect$$libinit$$0000002E)
    .ARM.Collect$$libinit$$00000030          0x000000da   Section        0  libinit2.o(.ARM.Collect$$libinit$$00000030)
    .ARM.Collect$$libinit$$00000032          0x000000da   Section        0  libinit2.o(.ARM.Collect$$libinit$$00000032)
    .ARM.Collect$$libinit$$00000033          0x000000da   Section       12  libinit2.o(.ARM.Collect$$libinit$$00000033)
    .ARM.Collect$$libshutdown$$00000000      0x000000f0   Section        4  libshutdown.o(.ARM.Collect$$libshutdown$$00000000)
    .ARM.Collect$$libshutdown$$00000002      0x000000f4   Section        0  libshutdown2.o(.ARM.Collect$$libshutdown$$00000002)
    .ARM.Collect$$libshutdown$$00000004      0x000000f4   Section        0  libshutdown2.o(.ARM.Collect$$libshutdown$$00000004)
    .ARM.Collect$$libshutdown$$00000007      0x000000f4   Section        0  libshutdown2.o(.ARM.Collect$$libshutdown$$00000007)
    .ARM.Collect$$libshutdown$$0000000A      0x000000f4   Section        0  libshutdown2.o(.ARM.Collect$$libshutdown$$0000000A)
    .ARM.Collect$$libshutdown$$0000000C      0x000000f4   Section        0  libshutdown2.o(.ARM.Collect$$libshutdown$$0000000C)
    .ARM.Collect$$libshutdown$$0000000F      0x000000f4   Section        0  libshutdown2.o(.ARM.Collect$$libshutdown$$0000000F)
    .ARM.Collect$$libshutdown$$00000010      0x000000f4   Section        6  libshutdown2.o(.ARM.Collect$$libshutdown$$00000010)
    .ARM.Collect$$rtentry$$00000000          0x000000fc   Section        0  __rtentry.o(.ARM.Collect$$rtentry$$00000000)
    .ARM.Collect$$rtentry$$00000002          0x000000fc   Section        0  __rtentry2.o(.ARM.Collect$$rtentry$$00000002)
    .ARM.Collect$$rtentry$$00000004          0x000000fc   Section        8  __rtentry4.o(.ARM.Collect$$rtentry$$00000004)
    .ARM.Collect$$rtentry$$00000009          0x00000104   Section        0  __rtentry2.o(.ARM.Collect$$rtentry$$00000009)
    .ARM.Collect$$rtentry$$0000000A          0x00000104   Section        4  __rtentry2.o(.ARM.Collect$$rtentry$$0000000A)
    .ARM.Collect$$rtentry$$0000000C          0x00000108   Section        0  __rtentry2.o(.ARM.Collect$$rtentry$$0000000C)
    .ARM.Collect$$rtentry$$0000000D          0x00000108   Section       40  __rtentry2.o(.ARM.Collect$$rtentry$$0000000D)
    .ARM.Collect$$rtexit$$00000000           0x00000134   Section        4  rtexit.o(.ARM.Collect$$rtexit$$00000000)
    .ARM.Collect$$rtexit$$00000002           0x00000138   Section        0  rtexit2.o(.ARM.Collect$$rtexit$$00000002)
    .ARM.Collect$$rtexit$$00000003           0x00000138   Section        4  rtexit2.o(.ARM.Collect$$rtexit$$00000003)
    .ARM.Collect$$rtexit$$00000004           0x0000013c   Section        8  rtexit2.o(.ARM.Collect$$rtexit$$00000004)
    .text                                    0x00000144   Section       32  startup.o(.text)
    .text                                    0x0000016c   Section        0  noretval__2sprintf.o(.text)
    .text                                    0x00000194   Section        0  _printf_pad.o(.text)
    .text                                    0x000001ea   Section        0  _printf_str.o(.text)
    .text                                    0x0000024c   Section        0  _printf_dec.o(.text)
    .text                                    0x000002bc   Section        0  __printf_wp.o(.text)
    .text                                    0x000003da   Section        0  heapauxi.o(.text)
    .text                                    0x000003e0   Section        0  _printf_intcommon.o(.text)
    .text                                    0x0000049c   Section        0  _printf_char_common.o(.text)
    _printf_input_char                       0x0000049d   Thumb Code    10  _printf_char_common.o(.text)
    .text                                    0x000004cc   Section        0  _sputc.o(.text)
    .text                                    0x000004e0   Section        0  _printf_char.o(.text)
    .text                                    0x00000518   Section       44  rtudiv10.o(.text)
    .text                                    0x00000544   Section       96  sys_stackheap_outer.o(.text)
    .text                                    0x000005a4   Section        0  exit.o(.text)
    .text                                    0x000005b8   Section       12  libspace.o(.text)
    .text                                    0x000005cc   Section        0  sys_exit.o(.text)
    .text                                    0x000005d8   Section        4  use_no_semi.o(.text)
    .text                                    0x000005dc   Section        0  indicate_semi.o(.text)
    i.Board_Init                             0x000005dc   Section        0  weighingmain.o(i.Board_Init)
    i.LCD_CmdWrite                           0x00000620   Section        0  lcd.o(i.LCD_CmdWrite)
    i.LCD_DataWrite                          0x00000650   Section        0  lcd.o(i.LCD_DataWrite)
    i.LCD_DisplayString                      0x00000680   Section        0  lcd.o(i.LCD_DisplayString)
    i.LCD_Init                               0x000006a8   Section        0  lcd.o(i.LCD_Init)
    i.LCD_Reset                              0x000006e0   Section        0  lcd.o(i.LCD_Reset)
    i.LCD_SendCmdSignals                     0x0000073c   Section        0  lcd.o(i.LCD_SendCmdSignals)
    i.LCD_SendDataSignals                    0x00000774   Section        0  lcd.o(i.LCD_SendDataSignals)
    i.LCD_SendHigherNibble                   0x000007ac   Section        0  lcd.o(i.LCD_SendHigherNibble)
    i.RTC_GetDateTime                        0x000007d0   Section        0  weighingmain.o(i.RTC_GetDateTime)
    i.RTC_Init                               0x0000082c   Section        0  weighingmain.o(i.RTC_Init)
    i.RTC_SetDateTime                        0x00000840   Section        0  weighingmain.o(i.RTC_SetDateTime)
    i.SystemInit                             0x00000884   Section        0  weighingmain.o(i.SystemInit)
    i.Timer1_ISR                             0x000008ec   Section        0  weighingmain.o(i.Timer1_ISR)
    i.__ARM_common_call_via_r1               0x00000958   Section        0  __printf.o(i.__ARM_common_call_via_r1)
    i.__ARM_common_call_via_r2               0x0000095a   Section        0  __printf.o(i.__ARM_common_call_via_r2)
    i._is_digit                              0x0000095c   Section        0  __printf_wp.o(i._is_digit)
    i.adc                                    0x0000096c   Section        0  weighingmain.o(i.adc)
    i.delay                                  0x00000a58   Section        0  weighingmain.o(i.delay)
    i.delay_ms                               0x00000ac0   Section        0  lcd.o(i.delay_ms)
    i.delay_us                               0x00000af4   Section        0  lcd.o(i.delay_us)
    i.main                                   0x00000b28   Section        0  weighingmain.o(i.main)
    i.matrixentry                            0x00000fac   Section        0  weighingmain.o(i.matrixentry)
    i.serialPrintStr                         0x00001368   Section        0  weighingmain.o(i.serialPrintStr)
    i.timer1_Init                            0x000013ac   Section        0  weighingmain.o(i.timer1_Init)
    i.uart_init                              0x00001408   Section        0  weighingmain.o(i.uart_init)
    .data                                    0x40000000   Section      348  weighingmain.o(.data)
    .bss                                     0x4000015c   Section       12  weighingmain.o(.bss)
    .bss                                     0x40000168   Section       96  libspace.o(.bss)
    HEAP                                     0x400001c8   Section        0  startup.o(HEAP)
    STACK                                    0x400001c8   Section     1160  startup.o(STACK)
    Heap_Mem                                 0x400001c8   Data           0  startup.o(HEAP)
    Stack_Mem                                0x400001c8   Data        1024  startup.o(STACK)
    Stack_Top                                0x40000650   Data           0  startup.o(STACK)

    Global Symbols

    Symbol Name                              Value     Ov Type        Size  Object(Section)

    BuildAttributes$$THM_ISAv1$ARM_ISAv4$S$PE$A:L22$X:L11$S22$IEEE1$IW$USESV6$~STKCKD$USESV7$~SHL$OSPACE$ROPI$EBA8$UX$STANDARDLIB$REQ8$PRES8$EABIv2 0x00000000   Number         0  anon$$obj.o ABSOLUTE
    __ARM_use_no_argv                        0x00000000   Number         0  weighingmain.o ABSOLUTE
    __main                                   0x00000000   ARM Code       8  __main.o(!!!main)
    _printf_flags                            0x00000000   Number         0  printf_stubs.o ABSOLUTE
    _printf_return_value                     0x00000000   Number         0  printf_stubs.o ABSOLUTE
    _printf_sizespec                         0x00000000   Number         0  printf_stubs.o ABSOLUTE
    _printf_widthprec                        0x00000000   Number         0  printf_stubs.o ABSOLUTE
    __ARM_exceptions_init                     - Undefined Weak Reference
    __alloca_initialize                       - Undefined Weak Reference
    __arm_preinit_                            - Undefined Weak Reference
    __cpp_initialize__aeabi_                  - Undefined Weak Reference
    __cxa_finalize                            - Undefined Weak Reference
    __rt_locale                               - Undefined Weak Reference
    __sigvec_lookup                           - Undefined Weak Reference
    _atexit_init                              - Undefined Weak Reference
    _call_atexit_fns                          - Undefined Weak Reference
    _clock_init                               - Undefined Weak Reference
    _fp_trap_init                             - Undefined Weak Reference
    _fp_trap_shutdown                         - Undefined Weak Reference
    _get_lc_collate                           - Undefined Weak Reference
    _get_lc_ctype                             - Undefined Weak Reference
    _get_lc_monetary                          - Undefined Weak Reference
    _get_lc_numeric                           - Undefined Weak Reference
    _get_lc_time                              - Undefined Weak Reference
    _getenv_init                              - Undefined Weak Reference
    _handle_redirection                       - Undefined Weak Reference
    _init_alloc                               - Undefined Weak Reference
    _init_user_alloc                          - Undefined Weak Reference
    _initio                                   - Undefined Weak Reference
    _printf_mbtowc                            - Undefined Weak Reference
    _printf_truncate_signed                   - Undefined Weak Reference
    _printf_truncate_unsigned                 - Undefined Weak Reference
    _rand_init                                - Undefined Weak Reference
    _signal_finish                            - Undefined Weak Reference
    _signal_init                              - Undefined Weak Reference
    _terminate_alloc                          - Undefined Weak Reference
    _terminate_user_alloc                     - Undefined Weak Reference
    _terminateio                              - Undefined Weak Reference
    __scatterload                            0x00000008   ARM Code       0  __scatter.o(!!!scatter)
    __scatterload_rt2                        0x00000008   ARM Code      52  __scatter.o(!!!scatter)
    __scatterload_null                       0x0000001c   ARM Code       0  __scatter.o(!!!scatter)
    __decompress                             0x00000044   ARM Code      68  __dczerorl.o(!!dczerorl)
    __decompress0                            0x00000044   ARM Code       0  __dczerorl.o(!!dczerorl)
    __scatterload_zeroinit                   0x00000088   ARM Code      44  __scatter_zi.o(!!handler_zi)
    Inline Thumb to ARM Veneer to _printf_percent 0x000000b5   Thumb Code     4  _printf_percent.o(.ARM.Collect$$_printf_percent$$00000000)
    _printf_d                                0x000000b8   ARM Code       0  _printf_d.o(.ARM.Collect$$_printf_percent$$00000009)
    _printf_percent                          0x000000b8   ARM Code       0  _printf_percent.o(.ARM.Collect$$_printf_percent$$00000000)
    _printf_s                                0x000000c0   ARM Code       0  _printf_s.o(.ARM.Collect$$_printf_percent$$00000014)
    _printf_percent_end                      0x000000c8   ARM Code       0  _printf_percent_end.o(.ARM.Collect$$_printf_percent$$00000017)
    Inline ARM to Thumb Veneer to __rt_lib_init 0x000000d0   ARM Code       8  libinit.o(.ARM.Collect$$libinit$$00000000)
    __rt_lib_init                            0x000000d9   Thumb Code     0  libinit.o(.ARM.Collect$$libinit$$00000000)
    __rt_lib_init_alloca_1                   0x000000db   Thumb Code     0  libinit2.o(.ARM.Collect$$libinit$$0000002E)
    __rt_lib_init_argv_1                     0x000000db   Thumb Code     0  libinit2.o(.ARM.Collect$$libinit$$0000002C)
    __rt_lib_init_atexit_1                   0x000000db   Thumb Code     0  libinit2.o(.ARM.Collect$$libinit$$0000001B)
    __rt_lib_init_clock_1                    0x000000db   Thumb Code     0  libinit2.o(.ARM.Collect$$libinit$$00000021)
    __rt_lib_init_cpp_1                      0x000000db   Thumb Code     0  libinit2.o(.ARM.Collect$$libinit$$00000032)
    __rt_lib_init_exceptions_1               0x000000db   Thumb Code     0  libinit2.o(.ARM.Collect$$libinit$$00000030)
    __rt_lib_init_fp_1                       0x000000db   Thumb Code     0  libinit2.o(.ARM.Collect$$libinit$$00000002)
    __rt_lib_init_fp_trap_1                  0x000000db   Thumb Code     0  libinit2.o(.ARM.Collect$$libinit$$0000001F)
    __rt_lib_init_getenv_1                   0x000000db   Thumb Code     0  libinit2.o(.ARM.Collect$$libinit$$00000023)
    __rt_lib_init_heap_1                     0x000000db   Thumb Code     0  libinit2.o(.ARM.Collect$$libinit$$0000000A)
    __rt_lib_init_lc_collate_1               0x000000db   Thumb Code     0  libinit2.o(.ARM.Collect$$libinit$$00000011)
    __rt_lib_init_lc_ctype_1                 0x000000db   Thumb Code     0  libinit2.o(.ARM.Collect$$libinit$$00000013)
    __rt_lib_init_lc_monetary_1              0x000000db   Thumb Code     0  libinit2.o(.ARM.Collect$$libinit$$00000015)
    __rt_lib_init_lc_numeric_1               0x000000db   Thumb Code     0  libinit2.o(.ARM.Collect$$libinit$$00000017)
    __rt_lib_init_lc_time_1                  0x000000db   Thumb Code     0  libinit2.o(.ARM.Collect$$libinit$$00000019)
    __rt_lib_init_preinit_1                  0x000000db   Thumb Code     0  libinit2.o(.ARM.Collect$$libinit$$00000004)
    __rt_lib_init_rand_1                     0x000000db   Thumb Code     0  libinit2.o(.ARM.Collect$$libinit$$0000000E)
    __rt_lib_init_return                     0x000000db   Thumb Code     0  libinit2.o(.ARM.Collect$$libinit$$00000033)
    __rt_lib_init_signal_1                   0x000000db   Thumb Code     0  libinit2.o(.ARM.Collect$$libinit$$0000001D)
    __rt_lib_init_stdio_1                    0x000000db   Thumb Code     0  libinit2.o(.ARM.Collect$$libinit$$00000025)
    __rt_lib_init_user_alloc_1               0x000000db   Thumb Code     0  libinit2.o(.ARM.Collect$$libinit$$0000000C)
    Inline ARM to Thumb Veneer to __rt_lib_shutdown 0x000000e8   ARM Code       8  libshutdown.o(.ARM.Collect$$libshutdown$$00000000)
    __rt_lib_shutdown                        0x000000f1   Thumb Code     0  libshutdown.o(.ARM.Collect$$libshutdown$$00000000)
    __rt_lib_shutdown_cpp_1                  0x000000f5   Thumb Code     0  libshutdown2.o(.ARM.Collect$$libshutdown$$00000002)
    __rt_lib_shutdown_fp_trap_1              0x000000f5   Thumb Code     0  libshutdown2.o(.ARM.Collect$$libshutdown$$00000007)
    __rt_lib_shutdown_heap_1                 0x000000f5   Thumb Code     0  libshutdown2.o(.ARM.Collect$$libshutdown$$0000000F)
    __rt_lib_shutdown_return                 0x000000f5   Thumb Code     0  libshutdown2.o(.ARM.Collect$$libshutdown$$00000010)
    __rt_lib_shutdown_signal_1               0x000000f5   Thumb Code     0  libshutdown2.o(.ARM.Collect$$libshutdown$$0000000A)
    __rt_lib_shutdown_stdio_1                0x000000f5   Thumb Code     0  libshutdown2.o(.ARM.Collect$$libshutdown$$00000004)
    __rt_lib_shutdown_user_alloc_1           0x000000f5   Thumb Code     0  libshutdown2.o(.ARM.Collect$$libshutdown$$0000000C)
    __rt_entry                               0x000000fc   ARM Code       0  __rtentry.o(.ARM.Collect$$rtentry$$00000000)
    __rt_entry_presh_1                       0x000000fc   ARM Code       0  __rtentry2.o(.ARM.Collect$$rtentry$$00000002)
    __rt_entry_sh                            0x000000fc   ARM Code       0  __rtentry4.o(.ARM.Collect$$rtentry$$00000004)
    __rt_entry_li                            0x00000104   ARM Code       0  __rtentry2.o(.ARM.Collect$$rtentry$$0000000A)
    __rt_entry_postsh_1                      0x00000104   ARM Code       0  __rtentry2.o(.ARM.Collect$$rtentry$$00000009)
    __rt_entry_main                          0x00000108   ARM Code       0  __rtentry2.o(.ARM.Collect$$rtentry$$0000000D)
    __rt_entry_postli_1                      0x00000108   ARM Code       0  __rtentry2.o(.ARM.Collect$$rtentry$$0000000C)
    Inline Thumb to ARM Veneer to __rt_exit  0x00000131   Thumb Code     4  rtexit.o(.ARM.Collect$$rtexit$$00000000)
    __rt_exit                                0x00000134   ARM Code       0  rtexit.o(.ARM.Collect$$rtexit$$00000000)
    __rt_exit_ls                             0x00000138   ARM Code       0  rtexit2.o(.ARM.Collect$$rtexit$$00000003)
    __rt_exit_prels_1                        0x00000138   ARM Code       0  rtexit2.o(.ARM.Collect$$rtexit$$00000002)
    __rt_exit_exit                           0x0000013c   ARM Code       0  rtexit2.o(.ARM.Collect$$rtexit$$00000004)
    __user_initial_stackheap                 0x00000144   ARM Code       0  startup.o(.text)
    Inline ARM to Thumb Veneer to __2sprintf 0x00000164   ARM Code       8  noretval__2sprintf.o(.text)
    __2sprintf                               0x0000016d   Thumb Code    36  noretval__2sprintf.o(.text)
    _printf_pre_padding                      0x00000195   Thumb Code    50  _printf_pad.o(.text)
    _printf_post_padding                     0x000001c7   Thumb Code    36  _printf_pad.o(.text)
    _printf_str                              0x000001eb   Thumb Code    88  _printf_str.o(.text)
    Inline ARM to Thumb Veneer to _printf_int_dec 0x00000244   ARM Code       8  _printf_dec.o(.text)
    _printf_int_dec                          0x0000024d   Thumb Code    94  _printf_dec.o(.text)
    __printf                                 0x000002bd   Thumb Code   286  __printf_wp.o(.text)
    __use_two_region_memory                  0x000003db   Thumb Code     2  heapauxi.o(.text)
    __rt_heap_escrow$2region                 0x000003dd   Thumb Code     2  heapauxi.o(.text)
    __rt_heap_expand$2region                 0x000003df   Thumb Code     2  heapauxi.o(.text)
    _printf_int_common                       0x000003e1   Thumb Code   186  _printf_intcommon.o(.text)
    _printf_char_common                      0x000004a7   Thumb Code    34  _printf_char_common.o(.text)
    _sputc                                   0x000004cd   Thumb Code    10  _sputc.o(.text)
    Inline ARM to Thumb Veneer to _printf_string 0x000004d8   ARM Code       8  _printf_char.o(.text)
    _printf_cs_common                        0x000004e1   Thumb Code    26  _printf_char.o(.text)
    _printf_char                             0x000004fb   Thumb Code    16  _printf_char.o(.text)
    _printf_string                           0x0000050b   Thumb Code     8  _printf_char.o(.text)
    Inline Thumb to ARM Veneer to __rt_udiv10 0x00000515   Thumb Code     4  rtudiv10.o(.text)
    __rt_udiv10                              0x00000518   ARM Code      44  rtudiv10.o(.text)
    __user_setup_stackheap                   0x00000544   ARM Code      96  sys_stackheap_outer.o(.text)
    exit                                     0x000005a5   Thumb Code    20  exit.o(.text)
    __user_libspace                          0x000005b8   ARM Code      12  libspace.o(.text)
    __user_perproc_libspace                  0x000005b8   ARM Code       0  libspace.o(.text)
    __user_perthread_libspace                0x000005b8   ARM Code       0  libspace.o(.text)
    Inline ARM to Thumb Veneer to _sys_exit  0x000005c4   ARM Code       8  sys_exit.o(.text)
    _sys_exit                                0x000005cd   Thumb Code     8  sys_exit.o(.text)
    __I$use$semihosting                      0x000005d8   ARM Code       0  use_no_semi.o(.text)
    __use_no_semihosting_swi                 0x000005d8   ARM Code       4  use_no_semi.o(.text)
    Board_Init                               0x000005dc   ARM Code      60  weighingmain.o(i.Board_Init)
    __semihosting_library_function           0x000005dc   ARM Code       0  indicate_semi.o(.text)
    LCD_CmdWrite                             0x00000620   ARM Code      48  lcd.o(i.LCD_CmdWrite)
    LCD_DataWrite                            0x00000650   ARM Code      48  lcd.o(i.LCD_DataWrite)
    LCD_DisplayString                        0x00000680   ARM Code      40  lcd.o(i.LCD_DisplayString)
    LCD_Init                                 0x000006a8   ARM Code      56  lcd.o(i.LCD_Init)
    LCD_Reset                                0x000006e0   ARM Code      92  lcd.o(i.LCD_Reset)
    LCD_SendCmdSignals                       0x0000073c   ARM Code      52  lcd.o(i.LCD_SendCmdSignals)
    LCD_SendDataSignals                      0x00000774   ARM Code      52  lcd.o(i.LCD_SendDataSignals)
    LCD_SendHigherNibble                     0x000007ac   ARM Code      32  lcd.o(i.LCD_SendHigherNibble)
    RTC_GetDateTime                          0x000007d0   ARM Code      88  weighingmain.o(i.RTC_GetDateTime)
    RTC_Init                                 0x0000082c   ARM Code      16  weighingmain.o(i.RTC_Init)
    RTC_SetDateTime                          0x00000840   ARM Code      64  weighingmain.o(i.RTC_SetDateTime)
    SystemInit                               0x00000884   ARM Code     100  weighingmain.o(i.SystemInit)
    Timer1_ISR                               0x000008ec   ARM Code      96  weighingmain.o(i.Timer1_ISR)
    __ARM_common_call_via_r1                 0x00000959   Thumb Code     2  __printf.o(i.__ARM_common_call_via_r1)
    __ARM_common_call_via_r2                 0x0000095b   Thumb Code     2  __printf.o(i.__ARM_common_call_via_r2)
    _is_digit                                0x0000095d   Thumb Code    14  __printf_wp.o(i._is_digit)
    adc                                      0x0000096c   ARM Code     220  weighingmain.o(i.adc)
    delay                                    0x00000a58   ARM Code     100  weighingmain.o(i.delay)
    delay_ms                                 0x00000ac0   ARM Code      48  lcd.o(i.delay_ms)
    delay_us                                 0x00000af4   ARM Code      52  lcd.o(i.delay_us)
    main                                     0x00000b28   ARM Code    1156  weighingmain.o(i.main)
    matrixentry                              0x00000fac   ARM Code     940  weighingmain.o(i.matrixentry)
    serialPrintStr                           0x00001368   ARM Code      64  weighingmain.o(i.serialPrintStr)
    timer1_Init                              0x000013ac   ARM Code      80  weighingmain.o(i.timer1_Init)
    uart_init                                0x00001408   ARM Code      68  weighingmain.o(i.uart_init)
    Region$$Table$$Base                      0x00001450   Number         0  anon$$obj.o(Region$$Table)
    Region$$Table$$Limit                     0x00001470   Number         0  anon$$obj.o(Region$$Table)
    x                                        0x40000000   Data           4  weighingmain.o(.data)
    lookup_table                             0x40000004   Data          64  weighingmain.o(.data)
    items                                    0x40000044   Data         250  weighingmain.o(.data)
    price                                    0x40000140   Data          20  weighingmain.o(.data)
    rowsel                                   0x40000154   Data           4  weighingmain.o(.data)
    colsel                                   0x40000158   Data           4  weighingmain.o(.data)
    rtc                                      0x4000015c   Data          12  weighingmain.o(.bss)
    __libspace_start                         0x40000168   Data          96  libspace.o(.bss)
    __temporary_stack_top$libspace           0x400001c8   Data           0  libspace.o(.bss)



==============================================================================

Memory Map of the image

  Image Entry point : 0x00000000

  Load Region LR_1 (Base: 0x00000000, Size: 0x000015cc, Max: 0xffffffff, ABSOLUTE, COMPRESSED[0x000014c0])

    Execution Region ER_RO (Exec base: 0x00000000, Load base: 0x00000000, Size: 0x00001470, Max: 0xffffffff, ABSOLUTE)

    Exec Addr    Load Addr    Size         Type   Attr      Idx    E Section Name        Object

    0x00000000   0x00000000   0x00000008   Code   RO          231  * !!!main             c_t.l(__main.o)
    0x00000008   0x00000008   0x0000003c   Code   RO          407    !!!scatter          c_t.l(__scatter.o)
    0x00000044   0x00000044   0x00000044   Code   RO          405    !!dczerorl          c_t.l(__dczerorl.o)
    0x00000088   0x00000088   0x0000002c   Code   RO          409    !!handler_zi        c_t.l(__scatter_zi.o)
    0x000000b4   0x000000b4   0x00000004   Ven    RO          228    .ARM.Collect$$_printf_percent$$00000000  c_t.l(_printf_percent.o)
    0x000000b8   0x000000b8   0x00000000   Code   RO          228    .ARM.Collect$$_printf_percent$$00000000  c_t.l(_printf_percent.o)
    0x000000b8   0x000000b8   0x00000008   Code   RO          227    .ARM.Collect$$_printf_percent$$00000009  c_t.l(_printf_d.o)
    0x000000c0   0x000000c0   0x00000008   Code   RO          226    .ARM.Collect$$_printf_percent$$00000014  c_t.l(_printf_s.o)
    0x000000c8   0x000000c8   0x00000008   Code   RO          242    .ARM.Collect$$_printf_percent$$00000017  c_t.l(_printf_percent_end.o)
    0x000000d0   0x000000d0   0x00000008   Ven    RO          275    .ARM.Collect$$libinit$$00000000  c_t.l(libinit.o)
    0x000000d8   0x000000d8   0x00000002   Code   RO          275    .ARM.Collect$$libinit$$00000000  c_t.l(libinit.o)
    0x000000da   0x000000da   0x00000000   Code   RO          282    .ARM.Collect$$libinit$$00000002  c_t.l(libinit2.o)
    0x000000da   0x000000da   0x00000000   Code   RO          284    .ARM.Collect$$libinit$$00000004  c_t.l(libinit2.o)
    0x000000da   0x000000da   0x00000000   Code   RO          287    .ARM.Collect$$libinit$$0000000A  c_t.l(libinit2.o)
    0x000000da   0x000000da   0x00000000   Code   RO          289    .ARM.Collect$$libinit$$0000000C  c_t.l(libinit2.o)
    0x000000da   0x000000da   0x00000000   Code   RO          291    .ARM.Collect$$libinit$$0000000E  c_t.l(libinit2.o)
    0x000000da   0x000000da   0x00000000   Code   RO          294    .ARM.Collect$$libinit$$00000011  c_t.l(libinit2.o)
    0x000000da   0x000000da   0x00000000   Code   RO          296    .ARM.Collect$$libinit$$00000013  c_t.l(libinit2.o)
    0x000000da   0x000000da   0x00000000   Code   RO          298    .ARM.Collect$$libinit$$00000015  c_t.l(libinit2.o)
    0x000000da   0x000000da   0x00000000   Code   RO          300    .ARM.Collect$$libinit$$00000017  c_t.l(libinit2.o)
    0x000000da   0x000000da   0x00000000   Code   RO          302    .ARM.Collect$$libinit$$00000019  c_t.l(libinit2.o)
    0x000000da   0x000000da   0x00000000   Code   RO          304    .ARM.Collect$$libinit$$0000001B  c_t.l(libinit2.o)
    0x000000da   0x000000da   0x00000000   Code   RO          306    .ARM.Collect$$libinit$$0000001D  c_t.l(libinit2.o)
    0x000000da   0x000000da   0x00000000   Code   RO          308    .ARM.Collect$$libinit$$0000001F  c_t.l(libinit2.o)
    0x000000da   0x000000da   0x00000000   Code   RO          310    .ARM.Collect$$libinit$$00000021  c_t.l(libinit2.o)
    0x000000da   0x000000da   0x00000000   Code   RO          312    .ARM.Collect$$libinit$$00000023  c_t.l(libinit2.o)
    0x000000da   0x000000da   0x00000000   Code   RO          314    .ARM.Collect$$libinit$$00000025  c_t.l(libinit2.o)
    0x000000da   0x000000da   0x00000000   Code   RO          318    .ARM.Collect$$libinit$$0000002C  c_t.l(libinit2.o)
    0x000000da   0x000000da   0x00000000   Code   RO          320    .ARM.Collect$$libinit$$0000002E  c_t.l(libinit2.o)
    0x000000da   0x000000da   0x00000000   Code   RO          322    .ARM.Collect$$libinit$$00000030  c_t.l(libinit2.o)
    0x000000da   0x000000da   0x00000000   Code   RO          324    .ARM.Collect$$libinit$$00000032  c_t.l(libinit2.o)
    0x000000da   0x000000da   0x0000000c   Code   RO          325    .ARM.Collect$$libinit$$00000033  c_t.l(libinit2.o)
    0x000000e6   0x000000e6   0x00000002   PAD
    0x000000e8   0x000000e8   0x00000008   Ven    RO          345    .ARM.Collect$$libshutdown$$00000000  c_t.l(libshutdown.o)
    0x000000f0   0x000000f0   0x00000004   Code   RO          345    .ARM.Collect$$libshutdown$$00000000  c_t.l(libshutdown.o)
    0x000000f4   0x000000f4   0x00000000   Code   RO          358    .ARM.Collect$$libshutdown$$00000002  c_t.l(libshutdown2.o)
    0x000000f4   0x000000f4   0x00000000   Code   RO          360    .ARM.Collect$$libshutdown$$00000004  c_t.l(libshutdown2.o)
    0x000000f4   0x000000f4   0x00000000   Code   RO          363    .ARM.Collect$$libshutdown$$00000007  c_t.l(libshutdown2.o)
    0x000000f4   0x000000f4   0x00000000   Code   RO          366    .ARM.Collect$$libshutdown$$0000000A  c_t.l(libshutdown2.o)
    0x000000f4   0x000000f4   0x00000000   Code   RO          368    .ARM.Collect$$libshutdown$$0000000C  c_t.l(libshutdown2.o)
    0x000000f4   0x000000f4   0x00000000   Code   RO          371    .ARM.Collect$$libshutdown$$0000000F  c_t.l(libshutdown2.o)
    0x000000f4   0x000000f4   0x00000006   Code   RO          372    .ARM.Collect$$libshutdown$$00000010  c_t.l(libshutdown2.o)
    0x000000fa   0x000000fa   0x00000002   PAD
    0x000000fc   0x000000fc   0x00000000   Code   RO          233    .ARM.Collect$$rtentry$$00000000  c_t.l(__rtentry.o)
    0x000000fc   0x000000fc   0x00000000   Code   RO          246    .ARM.Collect$$rtentry$$00000002  c_t.l(__rtentry2.o)
    0x000000fc   0x000000fc   0x00000008   Code   RO          258    .ARM.Collect$$rtentry$$00000004  c_t.l(__rtentry4.o)
    0x00000104   0x00000104   0x00000000   Code   RO          248    .ARM.Collect$$rtentry$$00000009  c_t.l(__rtentry2.o)
    0x00000104   0x00000104   0x00000004   Code   RO          249    .ARM.Collect$$rtentry$$0000000A  c_t.l(__rtentry2.o)
    0x00000108   0x00000108   0x00000000   Code   RO          251    .ARM.Collect$$rtentry$$0000000C  c_t.l(__rtentry2.o)
    0x00000108   0x00000108   0x00000028   Code   RO          252    .ARM.Collect$$rtentry$$0000000D  c_t.l(__rtentry2.o)
    0x00000130   0x00000130   0x00000004   Ven    RO          279    .ARM.Collect$$rtexit$$00000000  c_t.l(rtexit.o)
    0x00000134   0x00000134   0x00000004   Code   RO          279    .ARM.Collect$$rtexit$$00000000  c_t.l(rtexit.o)
    0x00000138   0x00000138   0x00000000   Code   RO          327    .ARM.Collect$$rtexit$$00000002  c_t.l(rtexit2.o)
    0x00000138   0x00000138   0x00000004   Code   RO          328    .ARM.Collect$$rtexit$$00000003  c_t.l(rtexit2.o)
    0x0000013c   0x0000013c   0x00000008   Code   RO          329    .ARM.Collect$$rtexit$$00000004  c_t.l(rtexit2.o)
    0x00000144   0x00000144   0x00000020   Code   RO            4    .text               startup.o
    0x00000164   0x00000164   0x00000008   Ven    RO          192    .text               c_t.l(noretval__2sprintf.o)
    0x0000016c   0x0000016c   0x00000028   Code   RO          192    .text               c_t.l(noretval__2sprintf.o)
    0x00000194   0x00000194   0x00000056   Code   RO          200    .text               c_t.l(_printf_pad.o)
    0x000001ea   0x000001ea   0x00000058   Code   RO          202    .text               c_t.l(_printf_str.o)
    0x00000242   0x00000242   0x00000002   PAD
    0x00000244   0x00000244   0x00000008   Ven    RO          204    .text               c_t.l(_printf_dec.o)
    0x0000024c   0x0000024c   0x00000070   Code   RO          204    .text               c_t.l(_printf_dec.o)
    0x000002bc   0x000002bc   0x0000011e   Code   RO          214    .text               c_t.l(__printf_wp.o)
    0x000003da   0x000003da   0x00000006   Code   RO          229    .text               c_t.l(heapauxi.o)
    0x000003e0   0x000003e0   0x000000ba   Code   RO          234    .text               c_t.l(_printf_intcommon.o)
    0x0000049a   0x0000049a   0x00000002   PAD
    0x0000049c   0x0000049c   0x00000030   Code   RO          236    .text               c_t.l(_printf_char_common.o)
    0x000004cc   0x000004cc   0x0000000a   Code   RO          238    .text               c_t.l(_sputc.o)
    0x000004d6   0x000004d6   0x00000002   PAD
    0x000004d8   0x000004d8   0x00000008   Ven    RO          240    .text               c_t.l(_printf_char.o)
    0x000004e0   0x000004e0   0x00000032   Code   RO          240    .text               c_t.l(_printf_char.o)
    0x00000512   0x00000512   0x00000002   PAD
    0x00000514   0x00000514   0x00000004   Ven    RO          243    .text               c_t.l(rtudiv10.o)
    0x00000518   0x00000518   0x0000002c   Code   RO          243    .text               c_t.l(rtudiv10.o)
    0x00000544   0x00000544   0x00000060   Code   RO          266    .text               c_t.l(sys_stackheap_outer.o)
    0x000005a4   0x000005a4   0x00000014   Code   RO          268    .text               c_t.l(exit.o)
    0x000005b8   0x000005b8   0x0000000c   Code   RO          276    .text               c_t.l(libspace.o)
    0x000005c4   0x000005c4   0x00000008   Ven    RO          337    .text               c_t.l(sys_exit.o)
    0x000005cc   0x000005cc   0x0000000c   Code   RO          337    .text               c_t.l(sys_exit.o)
    0x000005d8   0x000005d8   0x00000004   Code   RO          348    .text               c_t.l(use_no_semi.o)
    0x000005dc   0x000005dc   0x00000000   Code   RO          350    .text               c_t.l(indicate_semi.o)
    0x000005dc   0x000005dc   0x00000044   Code   RO           11    i.Board_Init        weighingmain.o
    0x00000620   0x00000620   0x00000030   Code   RO          119    i.LCD_CmdWrite      lcd.o
    0x00000650   0x00000650   0x00000030   Code   RO          120    i.LCD_DataWrite     lcd.o
    0x00000680   0x00000680   0x00000028   Code   RO          121    i.LCD_DisplayString  lcd.o
    0x000006a8   0x000006a8   0x00000038   Code   RO          122    i.LCD_Init          lcd.o
    0x000006e0   0x000006e0   0x0000005c   Code   RO          123    i.LCD_Reset         lcd.o
    0x0000073c   0x0000073c   0x00000038   Code   RO          124    i.LCD_SendCmdSignals  lcd.o
    0x00000774   0x00000774   0x00000038   Code   RO          125    i.LCD_SendDataSignals  lcd.o
    0x000007ac   0x000007ac   0x00000024   Code   RO          126    i.LCD_SendHigherNibble  lcd.o
    0x000007d0   0x000007d0   0x0000005c   Code   RO           12    i.RTC_GetDateTime   weighingmain.o
    0x0000082c   0x0000082c   0x00000014   Code   RO           13    i.RTC_Init          weighingmain.o
    0x00000840   0x00000840   0x00000044   Code   RO           14    i.RTC_SetDateTime   weighingmain.o
    0x00000884   0x00000884   0x00000068   Code   RO           15    i.SystemInit        weighingmain.o
    0x000008ec   0x000008ec   0x0000006c   Code   RO           16    i.Timer1_ISR        weighingmain.o
    0x00000958   0x00000958   0x00000002   Code   RO          198    i.__ARM_common_call_via_r1  c_t.l(__printf.o)
    0x0000095a   0x0000095a   0x00000002   Code   RO          196    i.__ARM_common_call_via_r2  c_t.l(__printf.o)
    0x0000095c   0x0000095c   0x0000000e   Code   RO          216    i._is_digit         c_t.l(__printf_wp.o)
    0x0000096a   0x0000096a   0x00000002   PAD
    0x0000096c   0x0000096c   0x000000ec   Code   RO           17    i.adc               weighingmain.o
    0x00000a58   0x00000a58   0x00000068   Code   RO           18    i.delay             weighingmain.o
    0x00000ac0   0x00000ac0   0x00000034   Code   RO          127    i.delay_ms          lcd.o
    0x00000af4   0x00000af4   0x00000034   Code   RO          128    i.delay_us          lcd.o
    0x00000b28   0x00000b28   0x00000484   Code   RO           19    i.main              weighingmain.o
    0x00000fac   0x00000fac   0x000003bc   Code   RO           20    i.matrixentry       weighingmain.o
    0x00001368   0x00001368   0x00000044   Code   RO           22    i.serialPrintStr    weighingmain.o
    0x000013ac   0x000013ac   0x0000005c   Code   RO           23    i.timer1_Init       weighingmain.o
    0x00001408   0x00001408   0x00000048   Code   RO           24    i.uart_init         weighingmain.o
    0x00001450   0x00001450   0x00000020   Data   RO          403    Region$$Table       anon$$obj.o


    Execution Region ER_RW (Exec base: 0x40000000, Load base: 0x00001470, Size: 0x0000015c, Max: 0xffffffff, ABSOLUTE, COMPRESSED[0x00000050])

    Exec Addr    Load Addr    Size         Type   Attr      Idx    E Section Name        Object

    0x40000000   COMPRESSED   0x0000015c   Data   RW           26    .data               weighingmain.o


    Execution Region ER_ZI (Exec base: 0x4000015c, Load base: 0x000014c0, Size: 0x000004f4, Max: 0xffffffff, ABSOLUTE)

    Exec Addr    Load Addr    Size         Type   Attr      Idx    E Section Name        Object

    0x4000015c        -       0x0000000c   Zero   RW           25    .bss                weighingmain.o
    0x40000168        -       0x00000060   Zero   RW          277    .bss                c_t.l(libspace.o)
    0x400001c8        -       0x00000000   Zero   RW            2    HEAP                startup.o
    0x400001c8        -       0x00000488   Zero   RW            1    STACK               startup.o


==============================================================================

Image component sizes


      Code (inc. data)   RO Data    RW Data    ZI Data      Debug   Object Name

       536         16          0          0          0       4530   lcd.o
        32         12          0          0       1160        244   startup.o
      3144        308          0        348         12       9867   weighingmain.o

    ----------------------------------------------------------------------
      3712        336         32        348       1172      14641   Object Totals
         0          0         32          0          0          0   (incl. Generated)
         0          0          0          0          0          0   (incl. Padding)

    ----------------------------------------------------------------------

      Code (inc. data)   RO Data    RW Data    ZI Data      Debug   Library Member Name

        68          2          0          0          0          0   __dczerorl.o
         8          0          0          0          0         68   __main.o
         4          0          0          0          0        120   __printf.o
       300          0          0          0          0        152   __printf_wp.o
         0          0          0          0          0          0   __rtentry.o
        44          4          0          0          0          0   __rtentry2.o
         8          0          0          0          0          0   __rtentry4.o
        60          8          0          0          0          0   __scatter.o
        44          0          0          0          0          0   __scatter_zi.o
        58          0          0          0          0        112   _printf_char.o
        48          4          0          0          0         96   _printf_char_common.o
         8          0          0          0          0          0   _printf_d.o
       120         18          0          0          0         88   _printf_dec.o
       186          0          0          0          0         96   _printf_intcommon.o
        86          0          0          0          0        116   _printf_pad.o
         4          0          0          0          0          0   _printf_percent.o
         8          0          0          0          0          0   _printf_percent_end.o
         8          0          0          0          0          0   _printf_s.o
        88          0          0          0          0         84   _printf_str.o
        10          0          0          0          0         60   _sputc.o
        20          0          0          0          0         80   exit.o
         6          0          0          0          0        136   heapauxi.o
         0          0          0          0          0          0   indicate_semi.o
        10          0          0          0          0          0   libinit.o
        12          0          0          0          0          0   libinit2.o
        12          0          0          0          0          0   libshutdown.o
         6          0          0          0          0          0   libshutdown2.o
        12          4          0          0         96         68   libspace.o
        48          4          0          0          0         84   noretval__2sprintf.o
         8          0          0          0          0          0   rtexit.o
        12          0          0          0          0          0   rtexit2.o
        48          0          0          0          0         68   rtudiv10.o
        20          4          0          0          0         60   sys_exit.o
        96          0          0          0          0         80   sys_stackheap_outer.o
         4          0          0          0          0         68   use_no_semi.o

    ----------------------------------------------------------------------
      1488         48          0          0         96       1636   Library Totals
        14          0          0          0          0          0   (incl. Padding)

    ----------------------------------------------------------------------

      Code (inc. data)   RO Data    RW Data    ZI Data      Debug   Library Name

      1474         48          0          0         96       1636   c_t.l

    ----------------------------------------------------------------------
      1488         48          0          0         96       1636   Library Totals

    ----------------------------------------------------------------------

==============================================================================


      Code (inc. data)   RO Data    RW Data    ZI Data      Debug   

      5200        384         32        348       1268      14669   Grand Totals
      5200        384         32         80       1268      14669   ELF Image Totals (compressed)
      5200        384         32         80          0          0   ROM Totals

==============================================================================

    Total RO  Size (Code + RO Data)                 5232 (   5.11kB)
    Total RW  Size (RW Data + ZI Data)              1616 (   1.58kB)
    Total ROM Size (Code + RO Data + RW Data)       5312 (   5.19kB)

==============================================================================

